
Allocating common symbols
Common symbol       size              file

i                   0x4               main.o

Memory Configuration

Name             Origin             Length             Attributes
flash            0x0000000008000000 0x0000000000020000 xr
sram             0x0000000020000000 0x0000000000005000 xrw
*default*        0x0000000000000000 0xffffffffffffffff

Linker script and memory map


.text           0x0000000008000000       0xe8
 *(.vectors*)
 .vectors       0x0000000008000000       0x50 startup.o
 *(.text*)
 .text          0x0000000008000050        0x8 startup.o
 .text          0x0000000008000058       0x90 main.o
                0x0000000008000058                main

.data           0x00000000080000e8        0x4
 .data          0x00000000080000e8        0x0 startup.o
 .data          0x00000000080000e8        0x4 main.o
                0x00000000080000e8                R_ODR

.igot.plt       0x00000000080000ec        0x0
 .igot.plt      0x00000000080000ec        0x0 startup.o

.glue_7         0x00000000080000ec        0x0
 .glue_7        0x00000000080000ec        0x0 linker stubs

.glue_7t        0x00000000080000ec        0x0
 .glue_7t       0x00000000080000ec        0x0 linker stubs

.vfp11_veneer   0x00000000080000ec        0x0
 .vfp11_veneer  0x00000000080000ec        0x0 linker stubs

.v4_bx          0x00000000080000ec        0x0
 .v4_bx         0x00000000080000ec        0x0 linker stubs

.iplt           0x00000000080000ec        0x0
 .iplt          0x00000000080000ec        0x0 startup.o

.rel.dyn        0x00000000080000ec        0x0
 .rel.iplt      0x00000000080000ec        0x0 startup.o

.bss            0x0000000020000000        0x4
 *(.bss*)
 .bss           0x0000000020000000        0x0 startup.o
 .bss           0x0000000020000000        0x0 main.o
 COMMON         0x0000000020000000        0x4 main.o
                0x0000000020000000                i
LOAD startup.o
LOAD main.o
OUTPUT(Toggle_Led_cortex_m3.elf elf32-littlearm)

.ARM.attributes
                0x0000000000000000       0x2f
 .ARM.attributes
                0x0000000000000000       0x21 startup.o
 .ARM.attributes
                0x0000000000000021       0x33 main.o

.comment        0x0000000000000000       0x7b
 .comment       0x0000000000000000       0x7b main.o
                                         0x7c (size before relaxing)

.debug_line     0x0000000000000000       0xa6
 .debug_line    0x0000000000000000       0x3b startup.o
 .debug_line    0x000000000000003b       0x6b main.o

.debug_info     0x0000000000000000      0x155
 .debug_info    0x0000000000000000       0x26 startup.o
 .debug_info    0x0000000000000026      0x12f main.o

.debug_abbrev   0x0000000000000000       0xe0
 .debug_abbrev  0x0000000000000000       0x14 startup.o
 .debug_abbrev  0x0000000000000014       0xcc main.o

.debug_aranges  0x0000000000000000       0x40
 .debug_aranges
                0x0000000000000000       0x20 startup.o
 .debug_aranges
                0x0000000000000020       0x20 main.o

.debug_str      0x0000000000000000      0x18a
 .debug_str     0x0000000000000000       0x75 startup.o
 .debug_str     0x0000000000000075      0x115 main.o
                                        0x184 (size before relaxing)

.debug_loc      0x0000000000000000       0x2c
 .debug_loc     0x0000000000000000       0x2c main.o

.debug_frame    0x0000000000000000       0x28
 .debug_frame   0x0000000000000000       0x28 main.o
