
Allocating common symbols
Common symbol       size              file

i                   0x4               main.o

Memory Configuration

Name             Origin             Length             Attributes
flash            0x0000000008000000 0x0000000000020000 xr
sram             0x0000000020000000 0x0000000000005000 xrw
*default*        0x0000000000000000 0xffffffffffffffff

Linker script and memory map


.text           0x0000000008000000      0x1ac
 *(.vectors*)
 .vectors       0x0000000008000000       0x1c startup.o
                0x0000000008000000                vectors
 *(.text*)
 .text          0x000000000800001c       0xf4 main.o
                0x000000000800001c                _sbrk
                0x0000000008000074                main
 .text          0x0000000008000110       0x90 startup.o
                0x0000000008000110                Reset_Handler
                0x0000000008000194                MM_Fault_Handler
                0x0000000008000194                H_Fault_Handler
                0x0000000008000194                Bus_Fault
                0x0000000008000194                Default_Handler
                0x0000000008000194                Usage_Fault_Handler
                0x0000000008000194                NMI_Handler
 *(.rodata)
 .rodata        0x00000000080001a0        0xc main.o
                0x00000000080001a0                const_variavles
                0x00000000080001ac                _E_text = .

.glue_7         0x00000000080001ac        0x0
 .glue_7        0x00000000080001ac        0x0 linker stubs

.glue_7t        0x00000000080001ac        0x0
 .glue_7t       0x00000000080001ac        0x0 linker stubs

.vfp11_veneer   0x00000000080001ac        0x0
 .vfp11_veneer  0x00000000080001ac        0x0 linker stubs

.v4_bx          0x00000000080001ac        0x0
 .v4_bx         0x00000000080001ac        0x0 linker stubs

.iplt           0x00000000080001ac        0x0
 .iplt          0x00000000080001ac        0x0 main.o

.rel.dyn        0x00000000080001ac        0x0
 .rel.iplt      0x00000000080001ac        0x0 main.o

.data           0x0000000020000000       0x10 load address 0x00000000080001ac
                0x0000000020000000                _S_data = .
 *(.data)
 .data          0x0000000020000000       0x10 main.o
                0x0000000020000000                global_variables
                0x000000002000000c                R_ODR
 .data          0x0000000020000010        0x0 startup.o
                0x0000000020000010                _E_data = .

.igot.plt       0x0000000020000010        0x0 load address 0x00000000080001bc
 .igot.plt      0x0000000020000010        0x0 main.o

.bss            0x0000000020000010     0x2008 load address 0x00000000080001bc
                0x0000000020000010                _S_bss = .
 *(.bss*)
 .bss           0x0000000020000010        0x4 main.o
 .bss           0x0000000020000014        0x0 startup.o
                0x0000000020000014                . = ALIGN (0x4)
                0x0000000020000014                _E_bss = .
                0x0000000020000014                . = ALIGN (0x4)
                0x0000000020001014                . = (. + 0x1000)
 *fill*         0x0000000020000014     0x1000 
                0x0000000020001014                _heap_top = .
                0x0000000020001014                . = ALIGN (0x4)
                0x0000000020002014                . = (. + 0x1000)
 *fill*         0x0000000020001014     0x1000 
                0x0000000020002014                _stack_top = .
 COMMON         0x0000000020002014        0x4 main.o
                0x0000000020002014                i
LOAD main.o
LOAD startup.o
OUTPUT(Toggle_Led_cortex_m3.elf elf32-littlearm)

.debug_info     0x0000000000000000     0x15d8
 .debug_info    0x0000000000000000      0xb1c main.o
 .debug_info    0x0000000000000b1c      0xabc startup.o

.debug_abbrev   0x0000000000000000      0x405
 .debug_abbrev  0x0000000000000000      0x21f main.o
 .debug_abbrev  0x000000000000021f      0x1e6 startup.o

.debug_loc      0x0000000000000000      0x110
 .debug_loc     0x0000000000000000       0x94 main.o
 .debug_loc     0x0000000000000094       0x7c startup.o

.debug_aranges  0x0000000000000000       0x40
 .debug_aranges
                0x0000000000000000       0x20 main.o
 .debug_aranges
                0x0000000000000020       0x20 startup.o

.debug_line     0x0000000000000000      0x5a2
 .debug_line    0x0000000000000000      0x2ce main.o
 .debug_line    0x00000000000002ce      0x2d4 startup.o

.debug_str      0x0000000000000000      0x5e2
 .debug_str     0x0000000000000000      0x561 main.o
                                        0x5cf (size before relaxing)
 .debug_str     0x0000000000000561       0x81 startup.o
                                        0x5c5 (size before relaxing)

.comment        0x0000000000000000       0x7b
 .comment       0x0000000000000000       0x7b main.o
                                         0x7c (size before relaxing)
 .comment       0x000000000000007b       0x7c startup.o

.ARM.attributes
                0x0000000000000000       0x33
 .ARM.attributes
                0x0000000000000000       0x33 main.o
 .ARM.attributes
                0x0000000000000033       0x33 startup.o

.debug_frame    0x0000000000000000       0xa8
 .debug_frame   0x0000000000000000       0x58 main.o
 .debug_frame   0x0000000000000058       0x50 startup.o
