
Allocating common symbols
Common symbol       size              file

i                   0x4               main.o

Memory Configuration

Name             Origin             Length             Attributes
flash            0x0000000008000000 0x0000000000020000 xr
sram             0x0000000020000000 0x0000000000005000 xrw
*default*        0x0000000000000000 0xffffffffffffffff

Linker script and memory map


.text           0x0000000008000000      0x160
 *(.vectors*)
 .vectors       0x0000000008000000       0x1c startup.o
                0x0000000008000000                vectors
 *(.text*)
 .text          0x000000000800001c       0xa8 main.o
                0x000000000800001c                NMI_Handler
                0x0000000008000028                Bus_Fault
                0x0000000008000034                main
 .text          0x00000000080000c4       0x90 startup.o
                0x00000000080000c4                Reset_Handler
                0x0000000008000148                MM_Fault_Handler
                0x0000000008000148                Default_Handler
                0x0000000008000148                Usage_Fault_Handler
                0x0000000008000148                H_Fault_Handler
 *(.rodata)
 .rodata        0x0000000008000154        0xc main.o
                0x0000000008000154                const_variavles
                0x0000000008000160                _E_text = .

.glue_7         0x0000000008000160        0x0
 .glue_7        0x0000000008000160        0x0 linker stubs

.glue_7t        0x0000000008000160        0x0
 .glue_7t       0x0000000008000160        0x0 linker stubs

.vfp11_veneer   0x0000000008000160        0x0
 .vfp11_veneer  0x0000000008000160        0x0 linker stubs

.v4_bx          0x0000000008000160        0x0
 .v4_bx         0x0000000008000160        0x0 linker stubs

.iplt           0x0000000008000160        0x0
 .iplt          0x0000000008000160        0x0 main.o

.rel.dyn        0x0000000008000160        0x0
 .rel.iplt      0x0000000008000160        0x0 main.o

.data           0x0000000020000000       0x10 load address 0x0000000008000160
                0x0000000020000000                _S_data = .
 *(.data)
 .data          0x0000000020000000       0x10 main.o
                0x0000000020000000                global_variables
                0x000000002000000c                R_ODR
 .data          0x0000000020000010        0x0 startup.o
                0x0000000020000010                _E_data = .

.igot.plt       0x0000000020000010        0x0 load address 0x0000000008000170
 .igot.plt      0x0000000020000010        0x0 main.o

.bss            0x0000000020000010     0x1004 load address 0x0000000008000170
                0x0000000020000010                _S_bss = .
 *(.bss*)
 .bss           0x0000000020000010        0x0 main.o
 .bss           0x0000000020000010        0x0 startup.o
                0x0000000020000010                . = ALIGN (0x4)
                0x0000000020000010                _E_bss = .
                0x0000000020000010                . = ALIGN (0x4)
                0x0000000020001010                . = (. + 0x1000)
 *fill*         0x0000000020000010     0x1000 
                0x0000000020001010                _stack_top = .
 COMMON         0x0000000020001010        0x4 main.o
                0x0000000020001010                i
LOAD main.o
LOAD startup.o
OUTPUT(Toggle_Led_cortex_m3.elf elf32-littlearm)

.debug_info     0x0000000000000000      0x341
 .debug_info    0x0000000000000000      0x1a9 main.o
 .debug_info    0x00000000000001a9      0x198 startup.o

.debug_abbrev   0x0000000000000000      0x1d5
 .debug_abbrev  0x0000000000000000       0xfd main.o
 .debug_abbrev  0x00000000000000fd       0xd8 startup.o

.debug_loc      0x0000000000000000      0x130
 .debug_loc     0x0000000000000000       0xb4 main.o
 .debug_loc     0x00000000000000b4       0x7c startup.o

.debug_aranges  0x0000000000000000       0x40
 .debug_aranges
                0x0000000000000000       0x20 main.o
 .debug_aranges
                0x0000000000000020       0x20 startup.o

.debug_line     0x0000000000000000       0xeb
 .debug_line    0x0000000000000000       0x6f main.o
 .debug_line    0x000000000000006f       0x7c startup.o

.debug_str      0x0000000000000000      0x225
 .debug_str     0x0000000000000000      0x19d main.o
                                        0x1af (size before relaxing)
 .debug_str     0x000000000000019d       0x88 startup.o
                                        0x1c2 (size before relaxing)

.comment        0x0000000000000000       0x7b
 .comment       0x0000000000000000       0x7b main.o
                                         0x7c (size before relaxing)
 .comment       0x000000000000007b       0x7c startup.o

.ARM.attributes
                0x0000000000000000       0x33
 .ARM.attributes
                0x0000000000000000       0x33 main.o
 .ARM.attributes
                0x0000000000000033       0x33 startup.o

.debug_frame    0x0000000000000000       0xb8
 .debug_frame   0x0000000000000000       0x68 main.o
 .debug_frame   0x0000000000000068       0x50 startup.o
